// Jest Snapshot v1, https://goo.gl/fbAQLP

exports[`Header Component Header should render without errors 1`] = `
<styled.div>
  <div
    className="wrap"
  >
    <div
      className="logo"
    >
      <img
        alt="Logo"
        src="http://localhost:3000/assets/2.png"
      />
    </div>
  </div>
</styled.div>
`;

exports[`Header Component should render without errors 1`] = `
<styled.div>
  <div
    className="wrap"
  >
    <div
      className="logo"
    >
      <img
        alt="Logo"
        src="http://localhost:3000/assets/2.png"
      />
    </div>
  </div>
</styled.div>
`;
