// Jest Snapshot v1, https://goo.gl/fbAQLP

exports[`renders app should show a app 1`] = `
.c1 {
  display: block;
  width: 100%;
  height: 50px;
  margin: 0 auto;
  padding: 0 10px;
  background-color: black;
}

.c1 .wrap {
  position: relative;
  display: block;
  width: 100%;
  height: 100%;
  margin: 0 auto;
  max-width: 980px;
}

.c1 .wrap .logo {
  display: block;
  width: 250px;
  position: absolute;
  left: 10px;
  top: 50%;
  -webkit-transform: translateY(-50%);
  -ms-transform: translateY(-50%);
  transform: translateY(-50%);
}

.c1 .wrap .logo img {
  width: 20%;
  margin: 0;
}

.c2 {
  border: none;
  width: 200px;
  padding: 12px 6px;
  background-color: pink;
  font-size: 24px;
  font-weight: 500;
  border-radius: 10px;
}

.c0 .main {
  width: 100%;
  max-width: 980px;
  margin: 50px auto 80px;
}

<div
  className="c0"
  data-test="appContainer"
>
  <div
    className="c1"
    data-test="headerComponent"
  >
    <div
      className="wrap"
    >
      <div
        className="logo"
      >
        <img
          alt="Logo"
          data-test="logoImg"
          src="http://localhost:3000/assets/2.png"
        />
      </div>
    </div>
  </div>
  <section
    className="main"
  >
    <div
      className=""
      data-test="HeadlineComponent"
    >
      <h1
        data-test="header"
      >
        Posts
      </h1>
      <p
        data-test="desc"
      >
        Click the button to render posts!
      </p>
    </div>
    <button
      className="c2"
      data-test="buttonComponent"
      onClick={[Function]}
    >
      Click Me
    </button>
  </section>
</div>
`;
